Copyright 1986-2017 Xilinx, Inc. All Rights Reserved.
------------------------------------------------------------------------------------
| Tool Version : Vivado v.2017.4 (win64) Build 2086221 Fri Dec 15 20:55:39 MST 2017
| Date         : Thu May 18 01:50:40 2023
| Host         : LAPTOP-GG472EI9 running 64-bit major release  (build 9200)
| Command      : report_control_sets -verbose -file Top_control_sets_placed.rpt
| Design       : Top
| Device       : xc7a35t
------------------------------------------------------------------------------------

Control Set Information

Table of Contents
-----------------
1. Summary
2. Flip-Flop Distribution
3. Detailed Control Set Information

1. Summary
----------

+----------------------------------------------------------+-------+
|                          Status                          | Count |
+----------------------------------------------------------+-------+
| Number of unique control sets                            |   185 |
| Unused register locations in slices containing registers |   567 |
+----------------------------------------------------------+-------+


2. Flip-Flop Distribution
-------------------------

+--------------+-----------------------+------------------------+-----------------+--------------+
| Clock Enable | Synchronous Set/Reset | Asynchronous Set/Reset | Total Registers | Total Slices |
+--------------+-----------------------+------------------------+-----------------+--------------+
| No           | No                    | No                     |              28 |           14 |
| No           | No                    | Yes                    |             114 |           41 |
| No           | Yes                   | No                     |              85 |           36 |
| Yes          | No                    | No                     |              13 |            4 |
| Yes          | No                    | Yes                    |            1303 |          843 |
| Yes          | Yes                   | No                     |              26 |            9 |
+--------------+-----------------------+------------------------+-----------------+--------------+


3. Detailed Control Set Information
-----------------------------------

+-----------------------------------------+--------------------------------------------------------------------------------------------------------------------+-----------------------------------------------------------------------------------------------------------------------------+------------------+----------------+
|               Clock Signal              |                                                    Enable Signal                                                   |                                                       Set/Reset Signal                                                      | Slice Load Count | Bel Load Count |
+-----------------------------------------+--------------------------------------------------------------------------------------------------------------------+-----------------------------------------------------------------------------------------------------------------------------+------------------+----------------+
|  cpu_clock/inst/clk_out1                | ifetch/register_reg[4][31][0]                                                                                      | idecoder/register_reg[6][0]_0                                                                                               |                1 |              1 |
|  cpu_clock/inst/clk_out1                | ifetch/register_reg[8][31][0]                                                                                      | hwass/nolabel_line49/result_led_reg_0                                                                                       |                1 |              1 |
|  cpu_clock/inst/clk_out1                | ifetch/register_reg[6][31][0]                                                                                      | idecoder/register_reg[6][0]_0                                                                                               |                1 |              1 |
|  uart/inst/upg_inst/upg_clk_i_IBUF_BUFG | uart/inst/upg_inst/upg_done_o_i_1_n_0                                                                              | hard_ware_rst_IBUF                                                                                                          |                1 |              1 |
|  cpu_clock/inst/clk_out1                | ifetch/register_reg[5][31][0]                                                                                      | idecoder/register_reg[6][0]_0                                                                                               |                1 |              1 |
|  n_0_483_BUFG                           |                                                                                                                    | idecoder/register_reg[6][0]_0                                                                                               |                1 |              1 |
|  raw_clock_IBUF_BUFG                    |                                                                                                                    | hwass/nolabel_line49/result_led_reg_0                                                                                       |                1 |              1 |
|  uart/inst/upg_inst/rdStat_BUFG         | uart/inst/upg_inst/upg_wen_o2_out                                                                                  | hard_ware_rst_IBUF                                                                                                          |                1 |              1 |
|  ifetch/ram_i_1_n_1                     |                                                                                                                    |                                                                                                                             |                1 |              2 |
|  ifetch/cnt_reg[31][0]                  |                                                                                                                    | idecoder/register_reg[6][0]_0                                                                                               |                1 |              2 |
|  dmemory/ram_i_1__0_n_1                 |                                                                                                                    |                                                                                                                             |                1 |              2 |
|  uart/inst/upg_inst/rdStat_BUFG         |                                                                                                                    | hard_ware_rst_IBUF                                                                                                          |                2 |              2 |
|  hwass/rsl/clkout_reg_n_1               |                                                                                                                    | hwass/rsl/AR[0]                                                                                                             |                1 |              3 |
|  cpu_clock/inst/clk_out1                | ifetch/register_reg[19][31][0]                                                                                     | idecoder/register[8][30]_i_1_n_1                                                                                            |                2 |              3 |
|  cpu_clock/inst/clk_out1                | ifetch/register_reg[8][31][0]                                                                                      | idecoder/register[8][30]_i_1_n_1                                                                                            |                3 |              3 |
|  cpu_clock/inst/clk_out1                | ifetch/register_reg[9][31][0]                                                                                      | idecoder/register[8][30]_i_1_n_1                                                                                            |                3 |              3 |
|  cpu_clock/inst/clk_out1                | ifetch/register_reg[17][31][0]                                                                                     | idecoder/register[8][30]_i_1_n_1                                                                                            |                1 |              3 |
|  cpu_clock/inst/clk_out1                | ifetch/register_reg[23][31][0]                                                                                     | idecoder/register[8][30]_i_1_n_1                                                                                            |                2 |              3 |
|  cpu_clock/inst/clk_out1                | ifetch/register_reg[14][31][0]                                                                                     | idecoder/register[8][30]_i_1_n_1                                                                                            |                2 |              3 |
|  cpu_clock/inst/clk_out1                | ifetch/register_reg[22][31][0]                                                                                     | idecoder/register[8][30]_i_1_n_1                                                                                            |                2 |              3 |
|  uart/inst/upg_inst/upg_clk_i_IBUF_BUFG | uart/inst/upg_inst/s_axi_wdata                                                                                     |                                                                                                                             |                2 |              3 |
|  cpu_clock/inst/clk_out1                | ifetch/register_reg[21][31][0]                                                                                     | idecoder/register[8][30]_i_1_n_1                                                                                            |                3 |              3 |
|  cpu_clock/inst/clk_out1                | ifetch/register_reg[13][31][0]                                                                                     | idecoder/register[8][30]_i_1_n_1                                                                                            |                2 |              3 |
|  cpu_clock/inst/clk_out1                | ifetch/register_reg[18][31][0]                                                                                     | idecoder/register[8][30]_i_1_n_1                                                                                            |                1 |              3 |
|  cpu_clock/inst/clk_out1                | ifetch/register_reg[15][31][0]                                                                                     | idecoder/register[8][30]_i_1_n_1                                                                                            |                1 |              3 |
|  cpu_clock/inst/clk_out1                | ifetch/register_reg[11][31][0]                                                                                     | idecoder/register[8][30]_i_1_n_1                                                                                            |                2 |              3 |
|  cpu_clock/inst/clk_out1                | ifetch/register_reg[10][31][0]                                                                                     | idecoder/register[8][30]_i_1_n_1                                                                                            |                1 |              3 |
|  cpu_clock/inst/clk_out1                | ifetch/register_reg[12][31][0]                                                                                     | idecoder/register[8][30]_i_1_n_1                                                                                            |                3 |              3 |
|  cpu_clock/inst/clk_out1                | ifetch/register_reg[20][31][0]                                                                                     | idecoder/register[8][30]_i_1_n_1                                                                                            |                3 |              3 |
|  cpu_clock/inst/clk_out1                | ifetch/register_reg[16][31][0]                                                                                     | idecoder/register[8][30]_i_1_n_1                                                                                            |                3 |              3 |
|  ifetch/PC_reg_reg[0][0]                |                                                                                                                    |                                                                                                                             |                3 |              4 |
|  uart/inst/upg_inst/upg_clk_i_IBUF_BUFG | uart/inst/upg_inst/axi_uart_inst/U0/UARTLITE_CORE_I/BAUD_RATE_I/en_16x_Baud                                        |                                                                                                                             |                2 |              4 |
|  cpu_clock/inst/clk_out1                | ifetch/register_reg[26][31][0]                                                                                     | idecoder/register[8][30]_i_1_n_1                                                                                            |                4 |              4 |
|  cpu_clock/inst/clk_out1                | ifetch/register_reg[25][31][0]                                                                                     | idecoder/register[8][30]_i_1_n_1                                                                                            |                4 |              4 |
|  uart/inst/upg_inst/upg_clk_i_IBUF_BUFG | uart/inst/upg_inst/s_axi_wdata                                                                                     | uart/inst/upg_inst/s_axi_wdata[6]_i_1_n_0                                                                                   |                3 |              4 |
|  cpu_clock/inst/clk_out1                | ifetch/register_reg[24][31][0]                                                                                     | idecoder/register[8][30]_i_1_n_1                                                                                            |                3 |              4 |
|  cpu_clock/inst/clk_out1                | ifetch/register_reg[27][31][0]                                                                                     | idecoder/register[8][30]_i_1_n_1                                                                                            |                3 |              4 |
|  uart/inst/upg_inst/upg_clk_i_IBUF_BUFG | uart/inst/upg_inst/axi_uart_inst/U0/AXI_LITE_IPIF_I/I_SLAVE_ATTACHMENT/start2                                      | uart/inst/upg_inst/axi_uart_inst/U0/AXI_LITE_IPIF_I/I_SLAVE_ATTACHMENT/I_DECODER/cs_ce_clr                                  |                1 |              4 |
|  cpu_clock/inst/clk_out1                | ifetch/register_reg[18][31][0]                                                                                     | idecoder/register[8][16]_i_1_n_1                                                                                            |                5 |              5 |
|  cpu_clock/inst/clk_out1                | ifetch/register_reg[23][31][0]                                                                                     | idecoder/register[8][31]_i_2_n_1                                                                                            |                5 |              5 |
|  cpu_clock/inst/clk_out1                | ifetch/register_reg[22][31][0]                                                                                     | idecoder/register[8][31]_i_2_n_1                                                                                            |                5 |              5 |
|  cpu_clock/inst/clk_out1                | ifetch/register_reg[27][31][0]                                                                                     | idecoder/register[8][5]_i_1_n_1                                                                                             |                5 |              5 |
|  cpu_clock/inst/clk_out1                | ifetch/register_reg[27][31][0]                                                                                     | idecoder/register[8][27]_i_1_n_1                                                                                            |                2 |              5 |
|  cpu_clock/inst/clk_out1                | ifetch/register_reg[13][31][0]                                                                                     | idecoder/register[8][22]_i_1_n_1                                                                                            |                4 |              5 |
|  cpu_clock/inst/clk_out1                | ifetch/register_reg[24][31][0]                                                                                     | idecoder/register[8][5]_i_1_n_1                                                                                             |                3 |              5 |
|  cpu_clock/inst/clk_out1                | ifetch/register_reg[24][31][0]                                                                                     | idecoder/register[8][27]_i_1_n_1                                                                                            |                4 |              5 |
|  cpu_clock/inst/clk_out1                | ifetch/register_reg[17][31][0]                                                                                     | idecoder/register[8][16]_i_1_n_1                                                                                            |                5 |              5 |
|  cpu_clock/inst/clk_out1                | ifetch/register_reg[16][31][0]                                                                                     | idecoder/register[8][16]_i_1_n_1                                                                                            |                5 |              5 |
|  cpu_clock/inst/clk_out1                | ifetch/register_reg[14][31][0]                                                                                     | idecoder/register[8][16]_i_1_n_1                                                                                            |                5 |              5 |
|  cpu_clock/inst/clk_out1                | ifetch/register_reg[12][31][0]                                                                                     | idecoder/register[8][22]_i_1_n_1                                                                                            |                4 |              5 |
|  cpu_clock/inst/clk_out1                | ifetch/register_reg[9][31][0]                                                                                      | idecoder/register[8][22]_i_1_n_1                                                                                            |                5 |              5 |
|  cpu_clock/inst/clk_out1                | ifetch/register_reg[25][31][0]                                                                                     | idecoder/register[8][5]_i_1_n_1                                                                                             |                4 |              5 |
|  cpu_clock/inst/clk_out1                | ifetch/register_reg[10][31][0]                                                                                     | idecoder/register[8][22]_i_1_n_1                                                                                            |                5 |              5 |
|  cpu_clock/inst/clk_out1                | ifetch/register_reg[25][31][0]                                                                                     | idecoder/register[8][27]_i_1_n_1                                                                                            |                3 |              5 |
|  cpu_clock/inst/clk_out1                | ifetch/register_reg[26][31][0]                                                                                     | idecoder/register[8][5]_i_1_n_1                                                                                             |                4 |              5 |
|  cpu_clock/inst/clk_out1                | ifetch/register_reg[20][31][0]                                                                                     | idecoder/register[8][31]_i_2_n_1                                                                                            |                5 |              5 |
|  cpu_clock/inst/clk_out1                | ifetch/register_reg[19][31][0]                                                                                     | idecoder/register[8][31]_i_2_n_1                                                                                            |                4 |              5 |
|  cpu_clock/inst/clk_out1                | ifetch/register_reg[11][31][0]                                                                                     | idecoder/register[8][22]_i_1_n_1                                                                                            |                3 |              5 |
|  cpu_clock/inst/clk_out1                | ifetch/register_reg[15][31][0]                                                                                     | idecoder/register[8][16]_i_1_n_1                                                                                            |                5 |              5 |
|  cpu_clock/inst/clk_out1                | ifetch/register_reg[21][31][0]                                                                                     | idecoder/register[8][31]_i_2_n_1                                                                                            |                5 |              5 |
|  cpu_clock/inst/clk_out1                | ifetch/register_reg[26][31][0]                                                                                     | idecoder/register[8][27]_i_1_n_1                                                                                            |                4 |              5 |
|  cpu_clock/inst/clk_out1                | ifetch/register_reg[8][31][0]                                                                                      | idecoder/register[8][27]_i_1_n_1                                                                                            |                3 |              5 |
|  cpu_clock/inst/clk_out1                | ifetch/register_reg[8][31][0]                                                                                      | idecoder/register[8][5]_i_1_n_1                                                                                             |                4 |              5 |
|  cpu_clock/inst/clk_out1                | ifetch/register_reg[13][31][0]                                                                                     | idecoder/register[8][31]_i_2_n_1                                                                                            |                5 |              6 |
|  cpu_clock/inst/clk_out1                | ifetch/register_reg[13][31][0]                                                                                     | idecoder/register[8][5]_i_1_n_1                                                                                             |                1 |              6 |
|  cpu_clock/inst/clk_out1                | ifetch/register_reg[10][31][0]                                                                                     | idecoder/register[8][16]_i_1_n_1                                                                                            |                4 |              6 |
|  cpu_clock/inst/clk_out1                | ifetch/register_reg[10][31][0]                                                                                     | idecoder/register[8][27]_i_1_n_1                                                                                            |                3 |              6 |
|  cpu_clock/inst/clk_out1                | ifetch/register_reg[10][31][0]                                                                                     | idecoder/register[8][31]_i_2_n_1                                                                                            |                4 |              6 |
|  cpu_clock/inst/clk_out1                | ifetch/register_reg[10][31][0]                                                                                     | idecoder/register[8][5]_i_1_n_1                                                                                             |                5 |              6 |
|  cpu_clock/inst/clk_out1                | ifetch/register_reg[19][31][0]                                                                                     | idecoder/register[8][16]_i_1_n_1                                                                                            |                6 |              6 |
|  cpu_clock/inst/clk_out1                | ifetch/register_reg[19][31][0]                                                                                     | idecoder/register[8][27]_i_1_n_1                                                                                            |                5 |              6 |
|  cpu_clock/inst/clk_out1                | ifetch/register_reg[19][31][0]                                                                                     | idecoder/register[8][5]_i_1_n_1                                                                                             |                5 |              6 |
|  cpu_clock/inst/clk_out1                | ifetch/register_reg[19][31][0]                                                                                     | idecoder/register[8][22]_i_1_n_1                                                                                            |                3 |              6 |
|  cpu_clock/inst/clk_out1                | ifetch/register_reg[18][31][0]                                                                                     | idecoder/register[8][27]_i_1_n_1                                                                                            |                5 |              6 |
|  cpu_clock/inst/clk_out1                | ifetch/register_reg[18][31][0]                                                                                     | idecoder/register[8][31]_i_2_n_1                                                                                            |                5 |              6 |
|  cpu_clock/inst/clk_out1                | ifetch/register_reg[18][31][0]                                                                                     | idecoder/register[8][5]_i_1_n_1                                                                                             |                4 |              6 |
|  cpu_clock/inst/clk_out1                | ifetch/register_reg[18][31][0]                                                                                     | idecoder/register[8][22]_i_1_n_1                                                                                            |                4 |              6 |
|  cpu_clock/inst/clk_out1                | ifetch/register_reg[20][31][0]                                                                                     | idecoder/register[8][16]_i_1_n_1                                                                                            |                6 |              6 |
|  cpu_clock/inst/clk_out1                | ifetch/register_reg[20][31][0]                                                                                     | idecoder/register[8][5]_i_1_n_1                                                                                             |                4 |              6 |
|  cpu_clock/inst/clk_out1                | ifetch/register_reg[20][31][0]                                                                                     | idecoder/register[8][22]_i_1_n_1                                                                                            |                4 |              6 |
|  cpu_clock/inst/clk_out1                | ifetch/register_reg[11][31][0]                                                                                     | idecoder/register[8][16]_i_1_n_1                                                                                            |                4 |              6 |
|  cpu_clock/inst/clk_out1                | ifetch/register_reg[11][31][0]                                                                                     | idecoder/register[8][27]_i_1_n_1                                                                                            |                4 |              6 |
|  cpu_clock/inst/clk_out1                | ifetch/register_reg[11][31][0]                                                                                     | idecoder/register[8][31]_i_2_n_1                                                                                            |                5 |              6 |
|  cpu_clock/inst/clk_out1                | ifetch/register_reg[11][31][0]                                                                                     | idecoder/register[8][5]_i_1_n_1                                                                                             |                5 |              6 |
|  cpu_clock/inst/clk_out1                | ifetch/register_reg[15][31][0]                                                                                     | idecoder/register[8][27]_i_1_n_1                                                                                            |                5 |              6 |
|  cpu_clock/inst/clk_out1                | ifetch/register_reg[15][31][0]                                                                                     | idecoder/register[8][31]_i_2_n_1                                                                                            |                5 |              6 |
|  cpu_clock/inst/clk_out1                | ifetch/register_reg[15][31][0]                                                                                     | idecoder/register[8][5]_i_1_n_1                                                                                             |                4 |              6 |
|  cpu_clock/inst/clk_out1                | ifetch/register_reg[15][31][0]                                                                                     | idecoder/register[8][22]_i_1_n_1                                                                                            |                4 |              6 |
|  cpu_clock/inst/clk_out1                | ifetch/register_reg[12][31][0]                                                                                     | idecoder/register[8][16]_i_1_n_1                                                                                            |                5 |              6 |
|  cpu_clock/inst/clk_out1                | ifetch/register_reg[12][31][0]                                                                                     | idecoder/register[8][27]_i_1_n_1                                                                                            |                3 |              6 |
|  cpu_clock/inst/clk_out1                | ifetch/register_reg[12][31][0]                                                                                     | idecoder/register[8][31]_i_2_n_1                                                                                            |                6 |              6 |
|  cpu_clock/inst/clk_out1                | ifetch/register_reg[12][31][0]                                                                                     | idecoder/register[8][5]_i_1_n_1                                                                                             |                3 |              6 |
|  cpu_clock/inst/clk_out1                | ifetch/register_reg[20][31][0]                                                                                     | idecoder/register[8][27]_i_1_n_1                                                                                            |                3 |              6 |
|  cpu_clock/inst/clk_out1                | ifetch/register_reg[16][31][0]                                                                                     | idecoder/register[8][27]_i_1_n_1                                                                                            |                4 |              6 |
|  cpu_clock/inst/clk_out1                | ifetch/register_reg[16][31][0]                                                                                     | idecoder/register[8][31]_i_2_n_1                                                                                            |                6 |              6 |
|  cpu_clock/inst/clk_out1                | ifetch/register_reg[16][31][0]                                                                                     | idecoder/register[8][5]_i_1_n_1                                                                                             |                5 |              6 |
|  cpu_clock/inst/clk_out1                | ifetch/register_reg[16][31][0]                                                                                     | idecoder/register[8][22]_i_1_n_1                                                                                            |                5 |              6 |
|  cpu_clock/inst/clk_out1                | ifetch/register_reg[23][31][0]                                                                                     | idecoder/register[8][16]_i_1_n_1                                                                                            |                5 |              6 |
|  cpu_clock/inst/clk_out1                | ifetch/register_reg[23][31][0]                                                                                     | idecoder/register[8][27]_i_1_n_1                                                                                            |                5 |              6 |
|  cpu_clock/inst/clk_out1                | ifetch/register_reg[23][31][0]                                                                                     | idecoder/register[8][5]_i_1_n_1                                                                                             |                4 |              6 |
|  cpu_clock/inst/clk_out1                | ifetch/register_reg[23][31][0]                                                                                     | idecoder/register[8][22]_i_1_n_1                                                                                            |                3 |              6 |
|  cpu_clock/inst/clk_out1                | ifetch/register_reg[24][31][0]                                                                                     | idecoder/register[8][16]_i_1_n_1                                                                                            |                5 |              6 |
|  cpu_clock/inst/clk_out1                | ifetch/register_reg[24][31][0]                                                                                     | idecoder/register[8][31]_i_2_n_1                                                                                            |                6 |              6 |
|  cpu_clock/inst/clk_out1                | ifetch/register_reg[24][31][0]                                                                                     | idecoder/register[8][22]_i_1_n_1                                                                                            |                5 |              6 |
|  cpu_clock/inst/clk_out1                | ifetch/register_reg[21][31][0]                                                                                     | idecoder/register[8][16]_i_1_n_1                                                                                            |                5 |              6 |
|  cpu_clock/inst/clk_out1                | ifetch/register_reg[21][31][0]                                                                                     | idecoder/register[8][27]_i_1_n_1                                                                                            |                5 |              6 |
|  cpu_clock/inst/clk_out1                | ifetch/register_reg[21][31][0]                                                                                     | idecoder/register[8][5]_i_1_n_1                                                                                             |                6 |              6 |
|  cpu_clock/inst/clk_out1                | ifetch/register_reg[21][31][0]                                                                                     | idecoder/register[8][22]_i_1_n_1                                                                                            |                5 |              6 |
|  cpu_clock/inst/clk_out1                | ifetch/register_reg[25][31][0]                                                                                     | idecoder/register[8][16]_i_1_n_1                                                                                            |                5 |              6 |
|  cpu_clock/inst/clk_out1                | ifetch/register_reg[25][31][0]                                                                                     | idecoder/register[8][31]_i_2_n_1                                                                                            |                6 |              6 |
|  cpu_clock/inst/clk_out1                | ifetch/register_reg[25][31][0]                                                                                     | idecoder/register[8][22]_i_1_n_1                                                                                            |                5 |              6 |
|  cpu_clock/inst/clk_out1                | ifetch/register_reg[14][31][0]                                                                                     | idecoder/register[8][27]_i_1_n_1                                                                                            |                3 |              6 |
|  cpu_clock/inst/clk_out1                | ifetch/register_reg[14][31][0]                                                                                     | idecoder/register[8][31]_i_2_n_1                                                                                            |                6 |              6 |
|  cpu_clock/inst/clk_out1                | ifetch/register_reg[14][31][0]                                                                                     | idecoder/register[8][5]_i_1_n_1                                                                                             |                3 |              6 |
|  cpu_clock/inst/clk_out1                | ifetch/register_reg[14][31][0]                                                                                     | idecoder/register[8][22]_i_1_n_1                                                                                            |                5 |              6 |
|  cpu_clock/inst/clk_out1                | ifetch/register_reg[17][31][0]                                                                                     | idecoder/register[8][27]_i_1_n_1                                                                                            |                4 |              6 |
|  cpu_clock/inst/clk_out1                | ifetch/register_reg[17][31][0]                                                                                     | idecoder/register[8][31]_i_2_n_1                                                                                            |                5 |              6 |
|  cpu_clock/inst/clk_out1                | ifetch/register_reg[17][31][0]                                                                                     | idecoder/register[8][5]_i_1_n_1                                                                                             |                4 |              6 |
|  cpu_clock/inst/clk_out1                | ifetch/register_reg[17][31][0]                                                                                     | idecoder/register[8][22]_i_1_n_1                                                                                            |                5 |              6 |
|  cpu_clock/inst/clk_out1                | ifetch/register_reg[27][31][0]                                                                                     | idecoder/register[8][16]_i_1_n_1                                                                                            |                5 |              6 |
|  cpu_clock/inst/clk_out1                | ifetch/register_reg[27][31][0]                                                                                     | idecoder/register[8][31]_i_2_n_1                                                                                            |                6 |              6 |
|  cpu_clock/inst/clk_out1                | ifetch/register_reg[27][31][0]                                                                                     | idecoder/register[8][22]_i_1_n_1                                                                                            |                6 |              6 |
|  cpu_clock/inst/clk_out1                | ifetch/register_reg[22][31][0]                                                                                     | idecoder/register[8][16]_i_1_n_1                                                                                            |                6 |              6 |
|  cpu_clock/inst/clk_out1                | ifetch/register_reg[22][31][0]                                                                                     | idecoder/register[8][27]_i_1_n_1                                                                                            |                5 |              6 |
|  cpu_clock/inst/clk_out1                | ifetch/register_reg[22][31][0]                                                                                     | idecoder/register[8][5]_i_1_n_1                                                                                             |                5 |              6 |
|  cpu_clock/inst/clk_out1                | ifetch/register_reg[22][31][0]                                                                                     | idecoder/register[8][22]_i_1_n_1                                                                                            |                4 |              6 |
|  cpu_clock/inst/clk_out1                | ifetch/register_reg[26][31][0]                                                                                     | idecoder/register[8][16]_i_1_n_1                                                                                            |                5 |              6 |
|  cpu_clock/inst/clk_out1                | ifetch/register_reg[26][31][0]                                                                                     | idecoder/register[8][31]_i_2_n_1                                                                                            |                6 |              6 |
|  cpu_clock/inst/clk_out1                | ifetch/register_reg[26][31][0]                                                                                     | idecoder/register[8][22]_i_1_n_1                                                                                            |                3 |              6 |
|  cpu_clock/inst/clk_out1                | ifetch/register_reg[9][31][0]                                                                                      | idecoder/register[8][16]_i_1_n_1                                                                                            |                5 |              6 |
|  cpu_clock/inst/clk_out1                | ifetch/register_reg[9][31][0]                                                                                      | idecoder/register[8][27]_i_1_n_1                                                                                            |                6 |              6 |
|  cpu_clock/inst/clk_out1                | ifetch/register_reg[9][31][0]                                                                                      | idecoder/register[8][31]_i_2_n_1                                                                                            |                6 |              6 |
|  cpu_clock/inst/clk_out1                | ifetch/register_reg[9][31][0]                                                                                      | idecoder/register[8][5]_i_1_n_1                                                                                             |                6 |              6 |
|  uart/inst/upg_inst/upg_clk_i_IBUF_BUFG |                                                                                                                    | uart/inst/upg_inst/axi_uart_inst/U0/UARTLITE_CORE_I/UARTLITE_RX_I/SRL_FIFO_I/I_SRL_FIFO_RBU_F/CNTR_INCR_DECR_ADDN_F_I/SS[0] |                3 |              6 |
|  cpu_clock/inst/clk_out1                | ifetch/register_reg[8][31][0]                                                                                      | idecoder/register[8][16]_i_1_n_1                                                                                            |                6 |              6 |
|  uart/inst/upg_inst/upg_clk_i_IBUF_BUFG |                                                                                                                    | uart/inst/upg_inst/axi_uart_inst/U0/UARTLITE_CORE_I/UARTLITE_TX_I/SRL_FIFO_I/I_SRL_FIFO_RBU_F/CNTR_INCR_DECR_ADDN_F_I/SS[0] |                2 |              6 |
|  cpu_clock/inst/clk_out1                | ifetch/register_reg[13][31][0]                                                                                     | idecoder/register[8][16]_i_1_n_1                                                                                            |                5 |              6 |
|  cpu_clock/inst/clk_out1                | ifetch/register_reg[8][31][0]                                                                                      | idecoder/register[8][31]_i_2_n_1                                                                                            |                6 |              6 |
|  cpu_clock/inst/clk_out1                | ifetch/register_reg[13][31][0]                                                                                     | idecoder/register[8][27]_i_1_n_1                                                                                            |                4 |              6 |
|  cpu_clock/inst/clk_out1                | ifetch/register_reg[8][31][0]                                                                                      | idecoder/register[8][22]_i_1_n_1                                                                                            |                5 |              6 |
|  uart/inst/upg_inst/upg_clk_i_IBUF_BUFG | uart/inst/upg_inst/axi_uart_inst/U0/AXI_LITE_IPIF_I/I_SLAVE_ATTACHMENT/I_DECODER/fifo_wr                           |                                                                                                                             |                1 |              7 |
|  uart/inst/upg_inst/upg_clk_i_IBUF_BUFG | uart/inst/upg_inst/uart_rdat                                                                                       |                                                                                                                             |                1 |              8 |
|  uart/inst/upg_inst/rdStat_BUFG         | uart/inst/upg_inst/s_axi_aresetn0                                                                                  | hard_ware_rst_IBUF                                                                                                          |                5 |              8 |
|  uart/inst/upg_inst/upg_clk_i_IBUF_BUFG |                                                                                                                    | uart/inst/upg_inst/axi_uart_inst/U0/AXI_LITE_IPIF_I/I_SLAVE_ATTACHMENT/rst                                                  |                3 |              8 |
|  uart/inst/upg_inst/upg_clk_i_IBUF_BUFG | uart/inst/upg_inst/msg_indx[7]_i_1_n_0                                                                             | hard_ware_rst_IBUF                                                                                                          |                3 |              8 |
|  uart/inst/upg_inst/upg_clk_i_IBUF_BUFG | uart/inst/upg_inst/axi_uart_inst/U0/UARTLITE_CORE_I/UARTLITE_RX_I/SRL_FIFO_I/I_SRL_FIFO_RBU_F/DYNSHREG_F_I/fifo_wr |                                                                                                                             |                1 |              8 |
|  uart/inst/upg_inst/upg_clk_i_IBUF_BUFG | uart/inst/upg_inst/axi_uart_inst/U0/AXI_LITE_IPIF_I/I_SLAVE_ATTACHMENT/s_axi_rdata_i                               | uart/inst/upg_inst/axi_uart_inst/U0/AXI_LITE_IPIF_I/I_SLAVE_ATTACHMENT/rst                                                  |                3 |              8 |
|  uart/inst/upg_inst/rdStat_BUFG         | uart/inst/upg_inst/byte_len[7]_i_1_n_0                                                                             | hard_ware_rst_IBUF                                                                                                          |                2 |              9 |
|  ifetch/E[0]                            |                                                                                                                    | idecoder/register_reg[7][31]_0                                                                                              |                4 |              9 |
|  uart/inst/upg_inst/upg_clk_i_IBUF_BUFG | uart/inst/upg_inst/axi_uart_inst/U0/UARTLITE_CORE_I/BAUD_RATE_I/en_16x_Baud                                        | hard_ware_rst_IBUF                                                                                                          |                2 |             10 |
|  cpu_clock/inst/clk_out1                | ifetch/register_reg[31][0][0]                                                                                      | idecoder/register[8][30]_i_1_n_1                                                                                            |                4 |             12 |
|  cpu_clock/inst/clk_out1                | ifetch/register_reg[29][31][0]                                                                                     | idecoder/register[8][30]_i_1_n_1                                                                                            |               12 |             13 |
|  cpu_clock/inst/clk_out1                | ifetch/register_reg[30][31][0]                                                                                     | idecoder/register[8][30]_i_1_n_1                                                                                            |               11 |             13 |
|  cpu_clock/inst/clk_out1                | ifetch/register_reg[4][31][0]                                                                                      | idecoder/register[1][14]_i_2_n_1                                                                                            |                4 |             13 |
|  cpu_clock/inst/clk_out1                | ifetch/register_reg[6][31][0]                                                                                      | idecoder/register[1][14]_i_2_n_1                                                                                            |               10 |             13 |
|  cpu_clock/inst/clk_out1                | ifetch/register_reg[5][31][0]                                                                                      | idecoder/register[1][14]_i_2_n_1                                                                                            |                7 |             13 |
|  cpu_clock/inst/clk_out1                | ifetch/register_reg[28][31][0]                                                                                     | idecoder/register[8][30]_i_1_n_1                                                                                            |                8 |             13 |
|  cpu_clock/inst/clk_out1                | ifetch/register_reg[7][31][0]                                                                                      | idecoder/register[1][14]_i_2_n_1                                                                                            |               12 |             14 |
|  cpu_clock/inst/clk_out1                | ifetch/register_reg[1][31][0]                                                                                      | idecoder/register[1][14]_i_2_n_1                                                                                            |                9 |             15 |
|  cpu_clock/inst/clk_out1                | ifetch/register_reg[3][31][0]                                                                                      | idecoder/register[1][14]_i_2_n_1                                                                                            |                8 |             15 |
|  uart/inst/upg_inst/upg_clk_i_IBUF_BUFG | uart/inst/upg_inst/wwait_cnt[15]_i_1_n_0                                                                           | hard_ware_rst_IBUF                                                                                                          |                5 |             16 |
|  uart/inst/upg_inst/upg_clk_i_IBUF_BUFG | uart/inst/upg_inst/rwait_cnt[15]_i_1_n_0                                                                           | hard_ware_rst_IBUF                                                                                                          |                6 |             16 |
|  cpu_clock/inst/clk_out1                | ifetch/register_reg[1][31][0]                                                                                      | idecoder/register_reg[7][31]_0                                                                                              |               12 |             17 |
|  cpu_clock/inst/clk_out1                | ifetch/register_reg[3][31][0]                                                                                      | idecoder/register_reg[7][31]_0                                                                                              |                9 |             17 |
|  cpu_clock/inst/clk_out1                | ifetch/register_reg[5][31][0]                                                                                      | idecoder/register_reg[7][31]_0                                                                                              |               14 |             18 |
|  cpu_clock/inst/clk_out1                | ifetch/register_reg[6][31][0]                                                                                      | idecoder/register_reg[7][31]_0                                                                                              |               13 |             18 |
|  cpu_clock/inst/clk_out1                | ifetch/register_reg[7][31][0]                                                                                      | idecoder/register_reg[7][31]_0                                                                                              |               15 |             18 |
|  cpu_clock/inst/clk_out1                | ifetch/register_reg[4][31][0]                                                                                      | idecoder/register_reg[7][31]_0                                                                                              |                9 |             18 |
|  cpu_clock/inst/clk_out1                | ifetch/register_reg[29][31][0]                                                                                     | idecoder/register_reg[6][0]_0                                                                                               |               15 |             19 |
|  cpu_clock/inst/clk_out1                | ifetch/register_reg[30][31][0]                                                                                     | idecoder/register_reg[6][0]_0                                                                                               |               17 |             19 |
|  cpu_clock/inst/clk_out1                | ifetch/register_reg[28][31][0]                                                                                     | idecoder/register_reg[6][0]_0                                                                                               |               15 |             19 |
|  uart/inst/upg_inst/upg_clk_i_IBUF_BUFG |                                                                                                                    |                                                                                                                             |                9 |             20 |
|  cpu_clock/inst/clk_out1                | ifetch/register_reg[31][0][0]                                                                                      | idecoder/register_reg[6][0]_0                                                                                               |               14 |             20 |
|  n_0_483_BUFG                           |                                                                                                                    | hwass/rsl/AR[0]                                                                                                             |               14 |             31 |
| ~confirm_button_IBUF_BUFG               |                                                                                                                    | pc/hwass/rsl/sel0[3]                                                                                                        |                7 |             32 |
|  raw_clock_IBUF_BUFG                    | hwass/led_type[1]                                                                                                  | hwass/nolabel_line49/result_led_reg_0                                                                                       |                9 |             32 |
|  cpu_clock/inst/clk_out1                | ifetch/register_reg[2][31][0]                                                                                      | idecoder/register[1][14]_i_2_n_1                                                                                            |               12 |             32 |
| ~cpu_clock/inst/clk_out1                |                                                                                                                    | idecoder/register_reg[6][0]_0                                                                                               |               13 |             32 |
| ~cpu_clock/inst/clk_out1                | pc/confirm_value0                                                                                                  | pc/hwass/rsl/sel0[3]                                                                                                        |               11 |             32 |
|  uart/inst/upg_inst/upg_clk_i_IBUF_BUFG |                                                                                                                    | hard_ware_rst_IBUF                                                                                                          |               13 |             33 |
|  raw_clock_IBUF_BUFG                    |                                                                                                                    | hwass/rsl/AR[0]                                                                                                             |               12 |             33 |
|  uart/inst/upg_inst/rdStat_BUFG         | uart/inst/upg_inst/byte_num                                                                                        | hard_ware_rst_IBUF                                                                                                          |                8 |             36 |
|  uart/inst/upg_inst/rdStat_BUFG         | uart/inst/upg_inst/upg_adr_o[14]_i_1_n_0                                                                           | hard_ware_rst_IBUF                                                                                                          |               19 |             47 |
|  uart/inst/upg_inst/rdStat_BUFG         | uart/inst/upg_inst/wr_byte_num_done                                                                                | hard_ware_rst_IBUF                                                                                                          |               12 |             49 |
|  uart/inst/upg_inst/rdStat_BUFG         | uart/inst/upg_inst/byte_cnt                                                                                        | hard_ware_rst_IBUF                                                                                                          |               19 |             56 |
+-----------------------------------------+--------------------------------------------------------------------------------------------------------------------+-----------------------------------------------------------------------------------------------------------------------------+------------------+----------------+


+--------+-----------------------+
| Fanout | Number of ControlSets |
+--------+-----------------------+
| 1      |                     8 |
| 2      |                     4 |
| 3      |                    18 |
| 4      |                     8 |
| 5      |                    25 |
| 6      |                    77 |
| 7      |                     1 |
| 8      |                     6 |
| 9      |                     2 |
| 10     |                     1 |
| 12     |                     1 |
| 13     |                     6 |
| 14     |                     1 |
| 15     |                     2 |
| 16+    |                    25 |
+--------+-----------------------+


